main.c:69:6:HAL_SPI_RxCpltCallback	16	static
main.c:83:6:NRF24_DelayMicroSeconds	24	static
main.c:90:6:PinStatusSetter	16	static
main.c:95:9:Nrf24ReadRegisterSpi1	16	static
main.c:112:6:Nrf24WriteRegisterSpi1	16	static
main.c:126:6:TxAddrReadSpi1	24	static
main.c:139:6:TxAddrSpi1	24	static
main.c:154:6:RX_ADDR_P0_Write	24	static
main.c:168:6:RX_ADDR_P0_Read	24	static
main.c:179:6:RfSetupSp1	16	static
main.c:193:9:RfSetupReadSp1	16	static
main.c:211:6:RfChSpi1	16	static
main.c:225:9:RfChReadSpi1	16	static
main.c:243:6:TxPayload	48	static
main.c:256:6:SetupRetr	16	static
main.c:266:6:SetupRetrRead	16	static
main.c:276:6:EN_AA_Register	16	static
main.c:286:6:EN_AA_RegisterRead	16	static
main.c:296:6:En_RxAddressSpi1	16	static
main.c:310:9:En_RxReadAddressSpi1	16	static
main.c:328:6:RxAdrP0AckRead	24	static
main.c:343:6:Nrf24InitTx	96	static
main.c:364:6:Nrf24PrimPowerRegisterSpi2	16	static
main.c:374:9:Nrf24PrinPowerRegisterReadSpi2	16	static
main.c:389:6:NRF24_EN_RXADDR_SMD	16	static
main.c:399:9:NRF24_EN_RXADDR_READ_SMD	16	static
main.c:414:6:EN_AA_Smd	16	static
main.c:424:6:EN_AA_ReadSmd	16	static
main.c:436:6:RxPwP0Spi2	16	static
main.c:446:9:RwPwP0ReadSpi2	16	static
main.c:461:6:RX_ADDR_P5_SMD	24	static
main.c:476:6:RX_ADDR_P5_READ_SMD	24	static
main.c:488:6:RfChSpi2	16	static
main.c:502:9:RfChReadSpi2	16	static
main.c:520:6:RfSetupSp2	16	static
main.c:534:9:RfSetupReadSp2	16	static
main.c:552:6:R_RxPayload	40	static
main.c:565:6:nRF24_Init_Rx	96	static
main.c:590:5:main	88	static
main.c:645:6:SystemClock_Config	88	static
main.c:689:13:MX_SPI1_Init	8	static
main.c:727:13:MX_SPI2_Init	8	static
main.c:765:13:MX_GPIO_Init	48	static
main.c:805:6:Error_Handler	4	static,ignoring_inline_asm
